[html.awaikenthemes.com/footclub/index-image.html]
[backblue.gif]
[fade.gif]
[index.html]
[html.awaikenthemes.com/footclub/images/favicon.png]
[html.awaikenthemes.com/footclub/css/bootstrap.min.css]
[html.awaikenthemes.com/footclub/css/slicknav.min.css]
[html.awaikenthemes.com/footclub/css/swiper-bundle.min.css]
[html.awaikenthemes.com/footclub/css/all.min.css]
[html.awaikenthemes.com/footclub/css/animate.css]
[html.awaikenthemes.com/footclub/css/magnific-popup.css]
[html.awaikenthemes.com/footclub/css/mousecursor.css]
[html.awaikenthemes.com/footclub/css/custom.css]
[html.awaikenthemes.com/footclub/images/loader.svg]
[html.awaikenthemes.com/footclub/images/logo.svg]
[html.awaikenthemes.com/footclub/index-2.html]
[html.awaikenthemes.com/footclub/index.html]
[html.awaikenthemes.com/footclub/index-video.html]
[html.awaikenthemes.com/footclub/about.html]
[html.awaikenthemes.com/footclub/services.html]
[html.awaikenthemes.com/footclub/blog.html]
[html.awaikenthemes.com/footclub/service-single.html]
[html.awaikenthemes.com/footclub/blog-single.html]
[html.awaikenthemes.com/footclub/team.html]
[html.awaikenthemes.com/footclub/team-single.html]
[html.awaikenthemes.com/footclub/testimonials.html]
[html.awaikenthemes.com/footclub/image-gallery.html]
[html.awaikenthemes.com/footclub/video-gallery.html]
[html.awaikenthemes.com/footclub/faqs.html]
[html.awaikenthemes.com/footclub/404.html]
[html.awaikenthemes.com/footclub/contact.html]
[html.awaikenthemes.com/footclub/images/icon-football.svg]
[html.awaikenthemes.com/footclub/images/contact-us-circle.svg]
[html.awaikenthemes.com/footclub/images/about-us-image.jpg]
[html.awaikenthemes.com/footclub/images/coach-1.jpg]
[html.awaikenthemes.com/footclub/images/coach-2.jpg]
[html.awaikenthemes.com/footclub/images/coach-3.jpg]
[html.awaikenthemes.com/footclub/images/coach-4.jpg]
[html.awaikenthemes.com/footclub/images/service-1.jpg]
[html.awaikenthemes.com/footclub/images/arrow-accent.svg]
[html.awaikenthemes.com/footclub/images/service-2.jpg]
[html.awaikenthemes.com/footclub/images/service-3.jpg]
[html.awaikenthemes.com/footclub/images/service-4.jpg]
[html.awaikenthemes.com/footclub/images/what-we-do-image-1.jpg]
[html.awaikenthemes.com/footclub/images/what-we-do-image-2.jpg]
[html.awaikenthemes.com/footclub/images/what-we-do-image-3.jpg]
[html.awaikenthemes.com/footclub/images/icon-what-we-do-1.svg]
[html.awaikenthemes.com/footclub/images/icon-what-we-do-2.svg]
[html.awaikenthemes.com/footclub/images/icon-what-we-do-3.svg]
[html.awaikenthemes.com/footclub/images/icon-feature-1.svg]
[html.awaikenthemes.com/footclub/images/icon-feature-2.svg]
[html.awaikenthemes.com/footclub/images/icon-feature-3.svg]
[html.awaikenthemes.com/footclub/images/icon-feature-4.svg]
[html.awaikenthemes.com/footclub/images/why-choose-image.png]
[html.awaikenthemes.com/footclub/images/icon-why-choose-1.svg]
[html.awaikenthemes.com/footclub/images/icon-why-choose-2.svg]
[html.awaikenthemes.com/footclub/images/offer-image-1.jpg]
[html.awaikenthemes.com/footclub/images/offer-image-2.jpg]
[html.awaikenthemes.com/footclub/images/icon-schedule-1.svg]
[html.awaikenthemes.com/footclub/images/icon-vs.svg]
[html.awaikenthemes.com/footclub/images/icon-location.svg]
[html.awaikenthemes.com/footclub/images/icon-schedule-2.svg]
[html.awaikenthemes.com/footclub/images/icon-schedule-3.svg]
[html.awaikenthemes.com/footclub/images/icon-schedule-4.svg]
[html.awaikenthemes.com/footclub/images/icon-schedule-5.svg]
[html.awaikenthemes.com/footclub/images/icon-schedule-6.svg]
[html.awaikenthemes.com/footclub/images/match-highlight-image-1.jpg]
[html.awaikenthemes.com/footclub/images/match-highlight-image-2.jpg]
[html.awaikenthemes.com/footclub/images/match-highlight-image-3.jpg]
[html.awaikenthemes.com/footclub/images/match-highlight-image-4.jpg]
[html.awaikenthemes.com/footclub/images/match-highlight-image-5.jpg]
[html.awaikenthemes.com/footclub/images/club-success-image.png]
[html.awaikenthemes.com/footclub/images/icon-check.svg]
[html.awaikenthemes.com/footclub/images/author-1.jpg]
[html.awaikenthemes.com/footclub/images/author-2.jpg]
[html.awaikenthemes.com/footclub/images/author-3.jpg]
[html.awaikenthemes.com/footclub/images/testimonial-image.jpg]
[html.awaikenthemes.com/footclub/images/company-supports-logo-1.svg]
[html.awaikenthemes.com/footclub/images/company-supports-logo-2.svg]
[html.awaikenthemes.com/footclub/images/company-supports-logo-3.svg]
[html.awaikenthemes.com/footclub/images/company-supports-logo-4.svg]
[html.awaikenthemes.com/footclub/images/cta-box-image.png]
[html.awaikenthemes.com/footclub/images/post-1.jpg]
[html.awaikenthemes.com/footclub/images/post-2.jpg]
[html.awaikenthemes.com/footclub/images/post-3.jpg]
[html.awaikenthemes.com/footclub/images/footer-logo.svg]
[html.awaikenthemes.com/footclub/images/icon-location-white.svg]
[html.awaikenthemes.com/footclub/images/icon-phone-white.svg]
[html.awaikenthemes.com/footclub/js/jquery-3.7.1.min.js]
[html.awaikenthemes.com/footclub/js/bootstrap.min.js]
[html.awaikenthemes.com/footclub/js/validator.min.js]
[html.awaikenthemes.com/footclub/js/jquery.slicknav.js]
[html.awaikenthemes.com/footclub/js/swiper-bundle.min.js]
[html.awaikenthemes.com/footclub/js/jquery.waypoints.min.js]
[html.awaikenthemes.com/footclub/js/jquery.counterup.min.js]
[html.awaikenthemes.com/footclub/js/jquery.magnific-popup.min.js]
[html.awaikenthemes.com/footclub/js/SmoothScroll.js]
[html.awaikenthemes.com/footclub/js/parallaxie.js]
[html.awaikenthemes.com/footclub/js/gsap.min.js]
[html.awaikenthemes.com/footclub/js/magiccursor.js]
[html.awaikenthemes.com/footclub/js/SplitText.js]
[html.awaikenthemes.com/footclub/js/ScrollTrigger.min.js]
[html.awaikenthemes.com/footclub/js/jquery.mb.YTPlayer.min.js]
[html.awaikenthemes.com/footclub/js/wow.min.js]
[html.awaikenthemes.com/footclub/index-image.html]
[html.awaikenthemes.com/footclub/css/bootstrap.min.css]
[html.awaikenthemes.com/footclub/css/slicknav.min.css]
[html.awaikenthemes.com/footclub/css/swiper-bundle.min.css]
[html.awaikenthemes.com/footclub/js/function.js]
[html.awaikenthemes.com/footclub/webfonts/fa-brands-400.woff2]
[html.awaikenthemes.com/footclub/webfonts/fa-brands-400.ttf]
[html.awaikenthemes.com/footclub/webfonts/fa-regular-400.woff2]
[html.awaikenthemes.com/footclub/webfonts/fa-regular-400.ttf]
[html.awaikenthemes.com/footclub/webfonts/fa-solid-900.woff2]
[html.awaikenthemes.com/footclub/webfonts/fa-v4compatibility.woff2]
[html.awaikenthemes.com/footclub/webfonts/fa-solid-900.ttf]
[html.awaikenthemes.com/footclub/css/all.min.css]
[html.awaikenthemes.com/footclub/css/animate.css]
[html.awaikenthemes.com/footclub/css/magnific-popup.css]
[html.awaikenthemes.com/footclub/css/mousecursor.css]
[html.awaikenthemes.com/footclub/webfonts/fa-v4compatibility.ttf]
[html.awaikenthemes.com/footclub/images/arrow-white.svg]
[html.awaikenthemes.com/footclub/images/icon-sub-heading.svg]
[html.awaikenthemes.com/footclub/images/hero-bg.png]
[html.awaikenthemes.com/footclub/images/hero-bg-shape-1.svg]
[html.awaikenthemes.com/footclub/images/hero-bg-shape-2.svg]
[html.awaikenthemes.com/footclub/images/hero-bg.jpg]
[html.awaikenthemes.com/footclub/images/section-bg-imgae-1.svg]
[html.awaikenthemes.com/footclub/images/section-bg-imgae-2.svg]
[html.awaikenthemes.com/footclub/images/feature-bg-image.jpg]
[html.awaikenthemes.com/footclub/images/features-bg-image.svg]
[html.awaikenthemes.com/footclub/images/our-schedule-bg.jpg]
[html.awaikenthemes.com/footclub/images/arrow-text.svg]
[html.awaikenthemes.com/footclub/images/club-success-bg-circle.svg]
[html.awaikenthemes.com/footclub/images/club-success-image-bg.svg]
[html.awaikenthemes.com/footclub/images/cta-box-bg-image.svg]
[html.awaikenthemes.com/footclub/images/page-header-bg.jpg]
[html.awaikenthemes.com/footclub/images/sidebar-cta-bg.jpg]
[html.awaikenthemes.com/footclub/css/custom.css]
[html.awaikenthemes.com/footclub/images/loader.svg]
[html.awaikenthemes.com/footclub/images/icon-blockquote.svg]
[html.awaikenthemes.com/footclub/images/hero-image.png]
[html.awaikenthemes.com/footclub/index.html]
[html.awaikenthemes.com/footclub/images/logo.svg]
[html.awaikenthemes.com/footclub/index-2.html]
[html.awaikenthemes.com/footclub/index-video.html]
[html.awaikenthemes.com/footclub/images/approach-image.jpg]
[html.awaikenthemes.com/footclub/images/icon-approach-item-1.svg]
[html.awaikenthemes.com/footclub/images/icon-approach-item-2.svg]
[html.awaikenthemes.com/footclub/images/icon-talent-1.svg]
[html.awaikenthemes.com/footclub/images/icon-talent-2.svg]
[html.awaikenthemes.com/footclub/images/icon-talent-3.svg]
[html.awaikenthemes.com/footclub/images/icon-talent-4.svg]
[html.awaikenthemes.com/footclub/images/icon-experience-1.svg]
[html.awaikenthemes.com/footclub/images/experience-image.png]
[html.awaikenthemes.com/footclub/images/icon-experience-2.svg]
[html.awaikenthemes.com/footclub/images/team-1.jpg]
[html.awaikenthemes.com/footclub/images/team-2.jpg]
[html.awaikenthemes.com/footclub/images/team-3.jpg]
[html.awaikenthemes.com/footclub/images/team-4.jpg]
[html.awaikenthemes.com/footclub/images/icon-phone-accent.svg]
[html.awaikenthemes.com/footclub/images/faqs-image-1.jpg]
[html.awaikenthemes.com/footclub/images/faqs-image-2.jpg]
[html.awaikenthemes.com/footclub/about.html]
[html.awaikenthemes.com/footclub/images/service-5.jpg]
[html.awaikenthemes.com/footclub/images/service-6.jpg]
[html.awaikenthemes.com/footclub/services.html]
[html.awaikenthemes.com/footclub/images/post-4.jpg]
[html.awaikenthemes.com/footclub/images/post-5.jpg]
[html.awaikenthemes.com/footclub/images/post-6.jpg]
[html.awaikenthemes.com/footclub/blog.html]
[html.awaikenthemes.com/footclub/images/performance-image.jpg]
[html.awaikenthemes.com/footclub/images/empowering-player-image-1.jpg]
[html.awaikenthemes.com/footclub/images/empowering-player-image-2.jpg]
[html.awaikenthemes.com/footclub/images/empowering-player-image-3.jpg]
[html.awaikenthemes.com/footclub/service-single.html]
[html.awaikenthemes.com/footclub/blog-single.html]
[html.awaikenthemes.com/footclub/images/team-5.jpg]
[html.awaikenthemes.com/footclub/images/team-6.jpg]
[html.awaikenthemes.com/footclub/images/team-7.jpg]
[html.awaikenthemes.com/footclub/images/team-8.jpg]
[html.awaikenthemes.com/footclub/team.html]
[html.awaikenthemes.com/footclub/team-single.html]
[html.awaikenthemes.com/footclub/images/author-4.jpg]
[html.awaikenthemes.com/footclub/images/author-5.jpg]
[html.awaikenthemes.com/footclub/images/author-6.jpg]
[html.awaikenthemes.com/footclub/testimonials.html]
[html.awaikenthemes.com/footclub/images/gallery-1.jpg]
[html.awaikenthemes.com/footclub/images/gallery-2.jpg]
[html.awaikenthemes.com/footclub/images/gallery-3.jpg]
[html.awaikenthemes.com/footclub/images/gallery-4.jpg]
[html.awaikenthemes.com/footclub/images/gallery-5.jpg]
[html.awaikenthemes.com/footclub/images/gallery-6.jpg]
[html.awaikenthemes.com/footclub/images/gallery-7.jpg]
[html.awaikenthemes.com/footclub/images/gallery-8.jpg]
[html.awaikenthemes.com/footclub/images/gallery-9.jpg]
[html.awaikenthemes.com/footclub/image-gallery.html]
[html.awaikenthemes.com/footclub/video-gallery.html]
[html.awaikenthemes.com/footclub/faqs.html]
[html.awaikenthemes.com/footclub/images/404-error-img.png]
[html.awaikenthemes.com/footclub/404.html]
[html.awaikenthemes.com/footclub/images/contact-us-image.jpg]
[html.awaikenthemes.com/footclub/contact.html]
[html.awaikenthemes.com/footclub/images/icon-football.svg]
[html.awaikenthemes.com/footclub/images/contact-us-circle.svg]
[html.awaikenthemes.com/footclub/images/arrow-accent.svg]
[html.awaikenthemes.com/footclub/images/icon-what-we-do-1.svg]
[html.awaikenthemes.com/footclub/images/icon-what-we-do-2.svg]
[html.awaikenthemes.com/footclub/images/icon-what-we-do-3.svg]
[html.awaikenthemes.com/footclub/images/icon-feature-1.svg]
[html.awaikenthemes.com/footclub/images/icon-feature-2.svg]
[html.awaikenthemes.com/footclub/images/icon-feature-3.svg]
[html.awaikenthemes.com/footclub/images/icon-feature-4.svg]
[html.awaikenthemes.com/footclub/images/icon-why-choose-1.svg]
[html.awaikenthemes.com/footclub/images/icon-why-choose-2.svg]
[html.awaikenthemes.com/footclub/images/icon-schedule-1.svg]
[html.awaikenthemes.com/footclub/images/icon-vs.svg]
[html.awaikenthemes.com/footclub/images/icon-location.svg]
[html.awaikenthemes.com/footclub/images/icon-schedule-2.svg]
[html.awaikenthemes.com/footclub/images/icon-schedule-3.svg]
[html.awaikenthemes.com/footclub/images/icon-schedule-4.svg]
[html.awaikenthemes.com/footclub/images/icon-schedule-5.svg]
[html.awaikenthemes.com/footclub/images/icon-schedule-6.svg]
[html.awaikenthemes.com/footclub/images/icon-check.svg]
[html.awaikenthemes.com/footclub/images/company-supports-logo-1.svg]
[html.awaikenthemes.com/footclub/images/company-supports-logo-2.svg]
[html.awaikenthemes.com/footclub/images/company-supports-logo-3.svg]
[html.awaikenthemes.com/footclub/images/company-supports-logo-4.svg]
[html.awaikenthemes.com/footclub/images/footer-logo.svg]
[html.awaikenthemes.com/footclub/images/icon-location-white.svg]
[html.awaikenthemes.com/footclub/images/icon-phone-white.svg]
[html.awaikenthemes.com/footclub/images/arrow-white.svg]
[html.awaikenthemes.com/footclub/images/icon-sub-heading.svg]
[html.awaikenthemes.com/footclub/images/hero-bg-shape-1.svg]
[html.awaikenthemes.com/footclub/images/hero-bg-shape-2.svg]
[html.awaikenthemes.com/footclub/images/section-bg-imgae-1.svg]
[html.awaikenthemes.com/footclub/images/section-bg-imgae-2.svg]
[html.awaikenthemes.com/footclub/images/features-bg-image.svg]
[html.awaikenthemes.com/footclub/images/arrow-text.svg]
[html.awaikenthemes.com/footclub/images/club-success-bg-circle.svg]
[html.awaikenthemes.com/footclub/images/club-success-image-bg.svg]
[html.awaikenthemes.com/footclub/images/cta-box-bg-image.svg]
[html.awaikenthemes.com/footclub/images/icon-blockquote.svg]
[html.awaikenthemes.com/footclub/images/icon-approach-item-1.svg]
[html.awaikenthemes.com/footclub/images/icon-approach-item-2.svg]
[html.awaikenthemes.com/footclub/images/icon-talent-1.svg]
[html.awaikenthemes.com/footclub/images/icon-talent-2.svg]
[html.awaikenthemes.com/footclub/images/icon-talent-3.svg]
[html.awaikenthemes.com/footclub/images/icon-talent-4.svg]
[html.awaikenthemes.com/footclub/images/icon-experience-1.svg]
[html.awaikenthemes.com/footclub/images/icon-experience-2.svg]
[html.awaikenthemes.com/footclub/images/icon-phone-accent.svg]
[html.awaikenthemes.com/footclub/images/icon-mail-white.svg]
[html.awaikenthemes.com/footclub/images/icon-mail-white.svg]
